The ``0-add_integer(a, b)`` module
======================

Using ``addition with 2 integers``
-------------------

This is an example text file in reStructuredText format.  First import
``add_integer`` from the ``0-add_integer`` module:

    >>> add_integer = __import__('0-add_integer').add_integer

Now use it:

>>> add_integer(1, 3)
4

>>> add_integer(100.3, -2)
98

>>> add_integer(-8, 2)
-6

>>> add_integer(5.1, 3)
8

>>> add_integer(20, 7.7)
27

>>> add_integer(2.85, 9.3)
11

>>> add_integer("school", 50.3)
Traceback (most recent call last):
...
TypeError: a must be an integer

>>> add_integer(None, "School")
Traceback (most recent call last):
...
TypeError: a must be an integer

>>> add_integer("Holberton", "School")
Traceback (most recent call last):
...
TypeError: a must be an integer

